#-----------------------------------------------------------
# Webtalk v2020.1 (64-bit)
# SW Build 2902540 on Wed May 27 19:54:49 MDT 2020
# IP Build 2902112 on Wed May 27 22:43:36 MDT 2020
# Start of session at: Sat Feb  6 13:55:13 2021
# Process ID: 6304
# Current directory: C:/Users/Joaquín/Downloads/Trabajo_VHDL/Secret_PSW_DEF_Base/Secret_PSW_DEF_Base/Secret_PSW_DEF_Base.sim/sim_1/behav/xsim
# Command line: wbtcv.exe -mode batch -source C:/Users/Joaquín/Downloads/Trabajo_VHDL/Secret_PSW_DEF_Base/Secret_PSW_DEF_Base/Secret_PSW_DEF_Base.sim/sim_1/behav/xsim/xsim.dir/CLK_CONTROL_tb_behav/webtalk/xsim_webtalk.tcl -notrace
# Log file: C:/Users/Joaquín/Downloads/Trabajo_VHDL/Secret_PSW_DEF_Base/Secret_PSW_DEF_Base/Secret_PSW_DEF_Base.sim/sim_1/behav/xsim/webtalk.log
# Journal file: C:/Users/Joaquín/Downloads/Trabajo_VHDL/Secret_PSW_DEF_Base/Secret_PSW_DEF_Base/Secret_PSW_DEF_Base.sim/sim_1/behav/xsim\webtalk.jou
#-----------------------------------------------------------
source C:/Users/Joaquín/Downloads/Trabajo_VHDL/Secret_PSW_DEF_Base/Secret_PSW_DEF_Base/Secret_PSW_DEF_Base.sim/sim_1/behav/xsim/xsim.dir/CLK_CONTROL_tb_behav/webtalk/xsim_webtalk.tcl -notrace
